C51 COMPILER V9.60.7.0   MATRIX_LED                                                        07/02/2023 16:09:18 PAGE 1   


C51 COMPILER V9.60.7.0, COMPILATION OF MODULE MATRIX_LED
OBJECT MODULE PLACED IN .\Objects\matrix_led.obj
COMPILER INVOKED BY: D:\development\Keil_v5\C51\BIN\C51.EXE matrix_led.c OPTIMIZE(8,SPEED) BROWSE DEBUG OBJECTEXTEND PRI
                    -NT(.\Listings\matrix_led.lst) OBJECT(.\Objects\matrix_led.obj)

line level    source

   1          #include "delay.h"
   2          #include <REGX52.H>
   3          #include "matrix_led.h"
   4          
   5          sbit RCK = P3^5;
   6          sbit SCK = P3^6;
   7          sbit SER = P3^4;
   8          
   9          #define MATRIX_LED_PORT P0
  10          
  11          /**
  12          * @brief select line(or multi-line)
  13          * @param line number
  14          * @retval
  15          */
  16          unsigned int code img[] = {
  17                  0x00,0x7E,0x10,0x10,0x7E,0x00,0x00,0x3E,0x2A,0x2A,0x3A,0x00,0x00,0x3E,0x2A,0x2A,
  18                  0x3A,0x00,0x00,0x3E,0x02,0x00,0x00,0x3E,0x02,0x00,0x00,0x1C,0x22,0x22,0x1C,0x00,
  19          };
  20          
  21          
  22          void _74HC595_WriteByte(unsigned int row)
  23          {
  24   1              unsigned int i;
  25   1              for (i = 0; i < 8; i ++) {
  26   2                      SER = row & (0x80 >> i);
  27   2                      SCK = 1;
  28   2                      SCK = 0; 
  29   2              }
  30   1              
  31   1              RCK = 1;
  32   1              RCK = 0;
  33   1      }
  34          
  35          /**
  36          * @brief only single line
  37          * @param one line number(decimal)
  38          * @retval
  39          */
  40          void code Show_Colum(unsigned int col, unsigned rows)
  41          {
  42   1              _74HC595_WriteByte(rows);
  43   1              MATRIX_LED_PORT = ~(0x80 >> col);
  44   1              Delayxms(1);
  45   1              MATRIX_LED_PORT = 0xFF;
  46   1      }
  47          
  48          void show_dynamic_img_init(unsigned int start)
  49          {
  50   1              unsigned int i = 0;
  51   1              for (i = 0; i < 8; i ++) {
  52   2                      Show_Colum(i, img[(i + start) % 32]);
  53   2              }
  54   1      }
C51 COMPILER V9.60.7.0   MATRIX_LED                                                        07/02/2023 16:09:18 PAGE 2   

  55          
  56          void Matrix_intit()
  57          {
  58   1              RCK = 0;
  59   1              SCK = 0;
  60   1      }


MODULE INFORMATION:   STATIC OVERLAYABLE
   CODE SIZE        =    169    ----
   CONSTANT SIZE    =     64    ----
   XDATA SIZE       =   ----    ----
   PDATA SIZE       =   ----    ----
   DATA SIZE        =   ----       6
   IDATA SIZE       =   ----    ----
   BIT SIZE         =   ----    ----
END OF MODULE INFORMATION.


C51 COMPILATION COMPLETE.  0 WARNING(S),  0 ERROR(S)
