C51 COMPILER V9.60.7.0   MAIN                                                              07/01/2023 09:03:03 PAGE 1   


C51 COMPILER V9.60.7.0, COMPILATION OF MODULE MAIN
OBJECT MODULE PLACED IN .\Objects\main.obj
COMPILER INVOKED BY: D:\development\Keil_v5\C51\BIN\C51.EXE main.c OPTIMIZE(8,SPEED) BROWSE DEBUG OBJECTEXTEND PRINT(.\L
                    -istings\main.lst) OBJECT(.\Objects\main.obj)

line level    source

   1          #include <REGX52.H>
   2          #include <delay.h>
   3          #include <LCD1602.h>
   4          #include <timer.h>
   5          
   6          unsigned char Sec, Min, Hour;
   7          void main()
   8          {
   9   1              LCD_Init();
  10   1              LCD_ShowString(1, 1, "good");
  11   1              Timer0_init();
  12   1              while(1) {
  13   2                      if (Sec == 60) {Sec = 0;Min ++;}
  14   2                      if (Min == 60) {Min = 0;Hour ++;}
  15   2                      if (Hour == 24) {Hour = 0;}
  16   2                      LCD_ShowString(1, 1, "H:");
  17   2                      LCD_ShowNum(1, 3, Hour, 2); 
  18   2                      LCD_ShowString(1, 5, "M:");
  19   2                      LCD_ShowNum(1, 7, Min, 2);
  20   2                      LCD_ShowString(1, 9, "S:");
  21   2                      LCD_ShowNum(1, 11, Sec, 2);
  22   2              }
  23   1      }
  24          
  25          
  26          void Timer0_Routine() interrupt 1
  27          {
  28   1              static unsigned int T0_count;
  29   1              TL0 = 0x18;
  30   1              TH0 = 0xFC;
  31   1              T0_count ++;
  32   1              
  33   1              if (T0_count >= 1000) {
  34   2                      Sec ++;
  35   2                      T0_count = 0;
  36   2              }
  37   1      }


MODULE INFORMATION:   STATIC OVERLAYABLE
   CODE SIZE        =    173    ----
   CONSTANT SIZE    =     14    ----
   XDATA SIZE       =   ----    ----
   PDATA SIZE       =   ----    ----
   DATA SIZE        =      5    ----
   IDATA SIZE       =   ----    ----
   BIT SIZE         =   ----    ----
END OF MODULE INFORMATION.


C51 COMPILATION COMPLETE.  0 WARNING(S),  0 ERROR(S)
