C51 COMPILER V9.60.7.0   MAIN                                                              06/25/2023 17:28:46 PAGE 1   


C51 COMPILER V9.60.7.0, COMPILATION OF MODULE MAIN
OBJECT MODULE PLACED IN .\Objects\main.obj
COMPILER INVOKED BY: D:\development\Keil_v5\C51\BIN\C51.EXE main.c OPTIMIZE(8,SPEED) BROWSE DEBUG OBJECTEXTEND PRINT(.\L
                    -istings\main.lst) OBJECT(.\Objects\main.obj)

line level    source

   1          #include <REGX52.H>
   2          void Delay1ms(unsigned int xms)         //@11.0592MHz
   3          {
   4   1              
   5   1              unsigned char data i, j;
   6   1      
   7   1              while (xms --) {
   8   2                      i = 2;
   9   2                      j = 199;
  10   2                      do
  11   2                      {
  12   3                              while (--j);
  13   3                      } while (--i); 
  14   2                      }
  15   1      }
  16          
  17          void main()
  18          {
  19   1              while (1) {
  20   2                      if (P3_1 == 0) {
  21   3                              Delay1ms(20);
  22   3                              while (P3_1 == 0)
  23   3                              Delay1ms(20);
  24   3                              P2_0 = ~P2_0;   
  25   3                      }
  26   2              }
  27   1      }


MODULE INFORMATION:   STATIC OVERLAYABLE
   CODE SIZE        =     42    ----
   CONSTANT SIZE    =   ----    ----
   XDATA SIZE       =   ----    ----
   PDATA SIZE       =   ----    ----
   DATA SIZE        =   ----    ----
   IDATA SIZE       =   ----    ----
   BIT SIZE         =   ----    ----
END OF MODULE INFORMATION.


C51 COMPILATION COMPLETE.  0 WARNING(S),  0 ERROR(S)
